// Jest Snapshot v1, https://goo.gl/fbAQLP

exports[`example statement 1`] = `
"Statement for BigCo
 Hamlet: $650.00 (55 seats)
 As You Like It: $580.00 (35 seats)
 Othello: $500.00 (40 seats)
 All's Well That Ends Well: $360.00 (20 seats)
 Antony and Cleopatra: $400.00 (10 seats)
Amount owed is $2,490.00
You earned 51 credits
"
`;
